// Jest Snapshot v1, https://goo.gl/fbAQLP

exports[`render component renders component 1`] = `
<section>
  <InputGroup
    icon="fab fa-twitter"
    id="twitter"
    name="twitter"
    placeholder="Twitter Profile URL"
    type="text"
  />
  <InputGroup
    icon="fab fa-facebook"
    id="facebook"
    name="facebook"
    placeholder="Facebook Page URL"
    type="text"
  />
  <InputGroup
    icon="fab fa-linkedin"
    id="linkedin"
    name="linkedin"
    placeholder="Linkedin Profile URL"
    type="text"
  />
  <InputGroup
    icon="fab fa-youtube"
    id="youtube"
    name="youtube"
    placeholder="YouTube Channel URL"
    type="text"
  />
  <InputGroup
    icon="fab fa-instagram"
    id="instagram"
    name="instagram"
    placeholder="Instagram Page URL"
    type="text"
  />
</section>
`;
