// Jest Snapshot v1, https://goo.gl/fbAQLP

exports[`render component renders component 1`] = `
Array [
  <Connect(RequestItem)
    key="id"
    profile={
      Object {
        "friendRequests": Array [
          Object {
            "_id": "id",
          },
          Object {
            "_id": "id",
          },
        ],
      }
    }
    profiles={Object {}}
    request={
      Object {
        "_id": "id",
      }
    }
  />,
  <Connect(RequestItem)
    key="id"
    profile={
      Object {
        "friendRequests": Array [
          Object {
            "_id": "id",
          },
          Object {
            "_id": "id",
          },
        ],
      }
    }
    profiles={Object {}}
    request={
      Object {
        "_id": "id",
      }
    }
  />,
]
`;
