// Jest Snapshot v1, https://goo.gl/fbAQLP

exports[`render component renders component 1`] = `
<styled.div>
  <div
    className="text-center mt-4"
  >
    <Link
      replace={false}
      to="/profile/handle"
    >
      handle
    </Link>
     
    wants to be your friend
  </div>
  <div
    className="text-center mt-3"
  >
    <button
      className="btn btn-outline-success"
      onClick={[Function]}
    >
      Accept
    </button>
    <button
      className="btn btn-outline-danger ml-2"
      onClick={[Function]}
    >
      Decline
    </button>
  </div>
</styled.div>
`;
