// Jest Snapshot v1, https://goo.gl/fbAQLP

exports[`render component renders component 1`] = `
<div
  className="mb-3"
>
  <form
    onSubmit={[Function]}
  >
    <div
      className="form-group"
    >
      <TextAreaFieldGroup
        className="form-control form-control-lg"
        name="text"
        onChange={[Function]}
        placeholder="Add a post"
        value=""
      />
    </div>
    <button
      className="btn btn-outline-primary btn-sm float-right"
      type="submit"
    >
      Submit
    </button>
  </form>
</div>
`;
