// Jest Snapshot v1, https://goo.gl/fbAQLP

exports[`render component renders component 1`] = `
<article
  className="container entry"
>
  <div
    className="row mt-5"
  >
    <section
      className="col-md-6"
      style={
        Object {
          "borderRight": "whitesmoke solid 2px",
        }
      }
    >
      <Connect(ProfileContent)
        profile={
          Object {
            "friendRequests": Array [],
          }
        }
      />
    </section>
    <section
      className="col-md-6"
    >
      <styled.header
        className="text-center"
      >
        Your Friends
      </styled.header>
      <hr />
      <Connect(ComposedComponent)
        currentProfile={
          Object {
            "friendRequests": Array [],
          }
        }
      />
    </section>
  </div>
</article>
`;
