// Jest Snapshot v1, https://goo.gl/fbAQLP

exports[`render component renders component 1`] = `
<div
  className=" mb-3"
>
  <div
    className="row mt-3"
  >
    <img
      alt=""
      className="rounded-circle  ml-4"
      style={
        Object {
          "height": "40px",
          "width": "40px",
        }
      }
    />
    <div
      className="text-center mt-2 ml-2"
    />
    <div
      className="col-12"
    >
      <div
        className="float-left ml-2"
        style={
          Object {
            "fontSize": "0.9rem",
          }
        }
      />
    </div>
  </div>
</div>
`;
